// Jest Snapshot v1, https://goo.gl/fbAQLP

exports[`ItemDetails component renders the UI as expected 1`] = `
<div>
  <div>
    <h2 />
    <img
      height="250"
      width="250"
    />
    <p />
  </div>
  <button
    type="button"
  >
    Send an request
  </button>
</div>
`;
