// Jest Snapshot v1, https://goo.gl/fbAQLP

exports[`ItemHistory component renders the component by default 1`] = `
<section
  className="item-list"
>
  <h1>
    Items history
  </h1>
  <ul />
</section>
`;
