// Jest Snapshot v1, https://goo.gl/fbAQLP

exports[`NavBar component renders the component by default 1`] = `
<nav>
  <div>
    <Link
      to="/signup"
    >
      Sign Up
    </Link>
    <Link
      to="/login"
    >
      Log in
    </Link>
  </div>
</nav>
`;
