// Jest Snapshot v1, https://goo.gl/fbAQLP

exports[`Request component renders the UI as expected 1`] = `
<section>
  <h2>
    Item: 
  </h2>
  <h1>
    Request object: 
  </h1>
  <p>
    Request message: 
  </p>
  <p>
    Sent: 
  </p>
</section>
`;
