// Jest Snapshot v1, https://goo.gl/fbAQLP

exports[`SignupForm Component renders the UI as expected 1`] = `
<form
  onSubmit={[Function]}
>
  <div
    className="form-group"
  >
    <label
      htmlFor="name"
    >
      First name :
    </label>
    <input
      id="firstName"
      name="firstName"
      onChange={[Function]}
      type="text"
    />
  </div>
  <div
    className="form-group"
  >
    <label
      htmlFor="name"
    >
      Last name :
    </label>
    <input
      id="lastName"
      name="lastName"
      onChange={[Function]}
      type="text"
    />
  </div>
  <div
    className="form-group"
  >
    <label
      htmlFor="name"
    >
      Email :
    </label>
    <input
      id="email"
      name="email"
      onChange={[Function]}
      type="email"
    />
  </div>
  <div
    className="form-group"
  >
    <label
      htmlFor="password"
    >
      Password *
    </label>
    <input
      id="password"
      name="password"
      onChange={[Function]}
      type="password"
    />
  </div>
  <div
    className="form-group"
  >
    <label
      htmlFor="repeatPassword"
    >
      Repeat Password *
    </label>
    <input
      id="repeatPassword"
      name="repeatPassword"
      onChange={[Function]}
      type="password"
    />
  </div>
  <div
    className="registration__button__group"
  >
    <button
      disabled="Name is required"
      type="submit"
    >
      Sign Up!
    </button>
  </div>
</form>
`;
